apples                              1.49
  1.99 * 0.750

Total:                              1.49
