apples                              3.98
  1.99 * 2.000
2 for 3.49 (apples)                -0.49

Total:                              3.49
