apples                              9.95
  1.99 * 5.000
5 for 9.0 (apples)                 -0.95

Total:                              9.00
